2026-07-09 23:22:20.032 | INFO     | __main__:main:627 - Loading GO ontology (for propagation + aspects)...
2026-07-09 23:22:20.032 | INFO     | src.ontology_processor:__init__:88 - Loading GO ontology from data/raw/go_ontology/go-basic.obo
2026-07-09 23:22:25.956 | INFO     | src.ontology_processor:_prepare_graph:110 - Preparing GO graph for processing
2026-07-09 23:22:27.763 | INFO     | src.ontology_processor:_prepare_graph:143 - GO graph ready: 38245 terms, 71895 relationships
2026-07-09 23:22:27.778 | INFO     | src.ontology_processor:_compute_graph_metrics:156 - GO term distribution by namespace:
2026-07-09 23:22:27.778 | INFO     | src.ontology_processor:_compute_graph_metrics:158 -   biological_process: 24129 terms
2026-07-09 23:22:27.778 | INFO     | src.ontology_processor:_compute_graph_metrics:158 -   molecular_function: 10041 terms
2026-07-09 23:22:27.778 | INFO     | src.ontology_processor:_compute_graph_metrics:158 -   cellular_component: 4075 terms
2026-07-09 23:22:27.886 | INFO     | src.ontology_processor:_compute_graph_metrics:176 - Graph depth statistics: max=11, avg=4.8
2026-07-09 23:22:27.910 | INFO     | __main__:main:632 - Parsing t0 (training) GOA — all non-IEA evidence...
2026-07-09 23:22:27.910 | INFO     | src.goa_parser:__init__:113 - GOAParser initialized:
2026-07-09 23:22:27.910 | INFO     | src.goa_parser:__init__:115 -   Evidence codes: ['EXP', 'IBA', 'IBD', 'IC', 'IDA', 'IEP', 'IGC', 'IGI', 'IKR', 'IMP', 'IPI', 'IRD', 'ISA', 'ISM', 'ISO', 'ISS', 'NAS', 'ND', 'RCA', 'TAS']
2026-07-09 23:22:27.910 | INFO     | src.goa_parser:__init__:118 -   Aspects: ['C', 'F', 'P']
2026-07-09 23:22:27.910 | INFO     | src.goa_parser:__init__:119 -   Exclude qualifiers: True
2026-07-09 23:22:27.910 | INFO     | src.goa_parser:parse_gaf_file:131 - Parsing GAF file: data/raw/goa_archive/goa_human.gaf.205.gz
2026-07-09 23:22:31.420 | INFO     | src.goa_parser:parse_gaf_file:206 - GAF parsing complete:
2026-07-09 23:22:31.420 | INFO     | src.goa_parser:parse_gaf_file:207 -   Total lines: 618,369
2026-07-09 23:22:31.420 | INFO     | src.goa_parser:parse_gaf_file:208 -   Accepted annotations: 533,251
2026-07-09 23:22:31.420 | INFO     | src.goa_parser:parse_gaf_file:211 -   Unique proteins: 18,735
2026-07-09 23:22:31.420 | INFO     | src.goa_parser:parse_gaf_file:212 -   Filtered by evidence: 83,804
2026-07-09 23:22:31.420 | INFO     | src.goa_parser:parse_gaf_file:213 -   Filtered by aspect: 0
2026-07-09 23:22:31.420 | INFO     | src.goa_parser:parse_gaf_file:214 -   Excluded qualifiers: 1,301
2026-07-09 23:22:31.420 | INFO     | src.goa_parser:parse_gaf_file:223 -   Evidence code distribution:
2026-07-09 23:22:31.420 | INFO     | src.goa_parser:parse_gaf_file:227 -     IPI: 210,155
2026-07-09 23:22:31.420 | INFO     | src.goa_parser:parse_gaf_file:227 -     TAS: 108,983
2026-07-09 23:22:31.420 | INFO     | src.goa_parser:parse_gaf_file:227 -     IDA: 83,442
2026-07-09 23:22:31.420 | INFO     | src.goa_parser:parse_gaf_file:227 -     IBA: 63,362
2026-07-09 23:22:31.420 | INFO     | src.goa_parser:parse_gaf_file:227 -     ISS: 27,522
2026-07-09 23:22:31.420 | INFO     | src.goa_parser:parse_gaf_file:227 -     IMP: 24,107
2026-07-09 23:22:31.420 | INFO     | src.goa_parser:parse_gaf_file:227 -     NAS: 7,240
2026-07-09 23:22:31.420 | INFO     | src.goa_parser:parse_gaf_file:227 -     IGI: 1,989
2026-07-09 23:22:31.420 | INFO     | src.goa_parser:parse_gaf_file:227 -     ND: 1,736
2026-07-09 23:22:31.420 | INFO     | src.goa_parser:parse_gaf_file:227 -     ISA: 1,450
2026-07-09 23:22:31.508 | INFO     | __main__:main:638 - Parsing t1 (test) GOA — experimental evidence only...
2026-07-09 23:22:31.508 | INFO     | src.goa_parser:__init__:113 - GOAParser initialized:
2026-07-09 23:22:31.508 | INFO     | src.goa_parser:__init__:115 -   Evidence codes: ['EXP', 'IDA', 'IEP', 'IGI', 'IMP', 'IPI']
2026-07-09 23:22:31.508 | INFO     | src.goa_parser:__init__:118 -   Aspects: ['C', 'F', 'P']
2026-07-09 23:22:31.508 | INFO     | src.goa_parser:__init__:119 -   Exclude qualifiers: True
2026-07-09 23:22:31.508 | INFO     | src.goa_parser:parse_gaf_file:131 - Parsing GAF file: data/raw/goa_annotations/goa_human.gaf.gz
2026-07-09 23:22:34.685 | INFO     | src.goa_parser:parse_gaf_file:206 - GAF parsing complete:
2026-07-09 23:22:34.686 | INFO     | src.goa_parser:parse_gaf_file:207 -   Total lines: 826,062
2026-07-09 23:22:34.686 | INFO     | src.goa_parser:parse_gaf_file:208 -   Accepted annotations: 414,996
2026-07-09 23:22:34.686 | INFO     | src.goa_parser:parse_gaf_file:211 -   Unique proteins: 16,362
2026-07-09 23:22:34.686 | INFO     | src.goa_parser:parse_gaf_file:212 -   Filtered by evidence: 409,768
2026-07-09 23:22:34.686 | INFO     | src.goa_parser:parse_gaf_file:213 -   Filtered by aspect: 0
2026-07-09 23:22:34.686 | INFO     | src.goa_parser:parse_gaf_file:214 -   Excluded qualifiers: 1,288
2026-07-09 23:22:34.686 | INFO     | src.goa_parser:parse_gaf_file:223 -   Evidence code distribution:
2026-07-09 23:22:34.686 | INFO     | src.goa_parser:parse_gaf_file:227 -     IPI: 265,090
2026-07-09 23:22:34.686 | INFO     | src.goa_parser:parse_gaf_file:227 -     IDA: 105,696
2026-07-09 23:22:34.686 | INFO     | src.goa_parser:parse_gaf_file:227 -     IMP: 26,030
2026-07-09 23:22:34.686 | INFO     | src.goa_parser:parse_gaf_file:227 -     EXP: 15,315
2026-07-09 23:22:34.686 | INFO     | src.goa_parser:parse_gaf_file:227 -     IGI: 1,944
2026-07-09 23:22:34.686 | INFO     | src.goa_parser:parse_gaf_file:227 -     IEP: 921
2026-07-09 23:22:34.687 | INFO     | __main__:main:642 - Parsing domain architectures...
2026-07-09 23:22:34.687 | INFO     | src.domain_annotation_parser:__init__:89 - DomainAnnotationParser initialized:
2026-07-09 23:22:34.687 | INFO     | src.domain_annotation_parser:__init__:90 -   Max supra-domain length: 3
2026-07-09 23:22:34.687 | INFO     | src.domain_annotation_parser:__init__:91 -   Min domain length: 10
2026-07-09 23:22:34.687 | INFO     | src.domain_annotation_parser:parse_protein2ipr_file:112 - Parsing domain annotations from data/interim/protein2ipr_human.dat.gz
2026-07-09 23:22:35.902 | INFO     | src.domain_annotation_parser:parse_protein2ipr_file:202 - Parsing complete:
2026-07-09 23:22:35.902 | INFO     | src.domain_annotation_parser:parse_protein2ipr_file:203 -   Total proteins: 18,908
2026-07-09 23:22:35.902 | INFO     | src.domain_annotation_parser:parse_protein2ipr_file:204 -   Total annotations: 234,702
2026-07-09 23:22:35.902 | INFO     | src.domain_annotation_parser:parse_protein2ipr_file:205 -   Unique domains: 19,449
2026-07-09 23:22:35.903 | INFO     | src.domain_annotation_parser:_generate_domain_architectures:219 - Generating domain architectures with supra-domains...
2026-07-09 23:22:36.627 | INFO     | src.domain_annotation_parser:_generate_domain_architectures:247 - Generated 18,908 domain architectures
2026-07-09 23:22:36.627 | INFO     | src.domain_annotation_parser:_generate_domain_architectures:248 -   Total supra-domains: 413,251
2026-07-09 23:22:36.680 | INFO     | __main__:main:653 - Building no-knowledge benchmark (per aspect, full t1-exp truth)...
2026-07-09 23:22:37.865 | INFO     | __main__:main:663 -   BP: 324 no-knowledge benchmark proteins
2026-07-09 23:22:37.865 | INFO     | __main__:main:663 -   MF: 418 no-knowledge benchmark proteins
2026-07-09 23:22:37.865 | INFO     | __main__:main:663 -   CC: 572 no-knowledge benchmark proteins
2026-07-09 23:22:37.865 | INFO     | __main__:main:671 - Loading t0 domain->GO associations (p_value)...
2026-07-09 23:22:38.177 | INFO     | __main__:main:676 - Computing information content from t0 (propagated frequencies)...
2026-07-09 23:22:39.342 | INFO     | __main__:main:687 - Transferring dcGO predictions to benchmark proteins (max)...
2026-07-09 23:22:40.661 | INFO     | __main__:main:703 - Scoring at IC floors (bits): [0.0, 2.0]
2026-07-09 23:22:53.347 | INFO     | __main__:main:723 -   [BP IC≥0] dcGO           F_max=0.219 S_min=103.867 AUPRC=0.065 (n=324)
2026-07-09 23:23:48.002 | INFO     | __main__:main:723 -   [BP IC≥0] naive          F_max=0.115 S_min=104.858 AUPRC=0.314 (n=324)
2026-07-09 23:23:48.672 | INFO     | __main__:main:723 -   [BP IC≥0] random_domain  F_max=0.126 S_min=104.918 AUPRC=0.027 (n=324)
2026-07-09 23:23:48.995 | INFO     | __main__:main:723 -   [BP IC≥2] dcGO           F_max=0.149 S_min=95.713 AUPRC=0.028 (n=324)
2026-07-09 23:24:42.777 | INFO     | __main__:main:723 -   [BP IC≥2] naive          F_max=0.071 S_min=96.221 AUPRC=0.049 (n=324)
2026-07-09 23:24:43.394 | INFO     | __main__:main:723 -   [BP IC≥2] random_domain  F_max=0.052 S_min=96.444 AUPRC=0.003 (n=324)
2026-07-09 23:24:53.750 | INFO     | __main__:main:723 -   [MF IC≥0] dcGO           F_max=0.273 S_min=14.061 AUPRC=0.164 (n=418)
2026-07-09 23:25:06.464 | INFO     | __main__:main:723 -   [MF IC≥0] naive          F_max=0.464 S_min=14.251 AUPRC=0.325 (n=418)
2026-07-09 23:25:06.836 | INFO     | __main__:main:723 -   [MF IC≥0] random_domain  F_max=0.138 S_min=14.513 AUPRC=0.041 (n=418)
2026-07-09 23:25:06.933 | INFO     | __main__:main:723 -   [MF IC≥2] dcGO           F_max=0.236 S_min=31.203 AUPRC=0.125 (n=170)
2026-07-09 23:25:14.014 | INFO     | __main__:main:723 -   [MF IC≥2] naive          F_max=0.053 S_min=33.598 AUPRC=0.025 (n=170)
2026-07-09 23:25:14.194 | INFO     | __main__:main:723 -   [MF IC≥2] random_domain  F_max=0.046 S_min=33.625 AUPRC=0.003 (n=170)
2026-07-09 23:25:23.641 | INFO     | __main__:main:723 -   [CC IC≥0] dcGO           F_max=0.356 S_min=20.754 AUPRC=0.180 (n=572)
2026-07-09 23:25:30.617 | INFO     | __main__:main:723 -   [CC IC≥0] naive          F_max=0.343 S_min=21.343 AUPRC=0.513 (n=572)
2026-07-09 23:25:30.863 | INFO     | __main__:main:723 -   [CC IC≥0] random_domain  F_max=0.235 S_min=21.504 AUPRC=0.080 (n=572)
2026-07-09 23:25:30.948 | INFO     | __main__:main:723 -   [CC IC≥2] dcGO           F_max=0.239 S_min=22.657 AUPRC=0.071 (n=405)
2026-07-09 23:25:36.249 | INFO     | __main__:main:723 -   [CC IC≥2] naive          F_max=0.153 S_min=22.572 AUPRC=0.117 (n=405)
2026-07-09 23:25:36.386 | INFO     | __main__:main:723 -   [CC IC≥2] random_domain  F_max=0.065 S_min=23.172 AUPRC=0.007 (n=405)
2026-07-09 23:25:36.391 | INFO     | __main__:main:744 - ✓ Saved metrics: validation/bench_C/temporal_benchmark_metrics.tsv
2026-07-09 23:25:36.391 | INFO     | __main__:main:748 - ======================================================================
2026-07-09 23:25:36.391 | INFO     | __main__:main:749 - TEMPORAL BENCHMARK COMPLETE — dcGO vs naive F_max by IC floor:
2026-07-09 23:25:36.393 | INFO     | __main__:main:759 -   BP IC≥0: dcGO 0.219 vs naive 0.115 [✓ above floor]  (n=324)
2026-07-09 23:25:36.394 | INFO     | __main__:main:759 -   BP IC≥2: dcGO 0.149 vs naive 0.071 [✓ above floor]  (n=324)
2026-07-09 23:25:36.395 | INFO     | __main__:main:759 -   MF IC≥0: dcGO 0.273 vs naive 0.464 [✗ below floor]  (n=418)
2026-07-09 23:25:36.396 | INFO     | __main__:main:759 -   MF IC≥2: dcGO 0.236 vs naive 0.053 [✓ above floor]  (n=170)
2026-07-09 23:25:36.397 | INFO     | __main__:main:759 -   CC IC≥0: dcGO 0.356 vs naive 0.343 [✓ above floor]  (n=572)
2026-07-09 23:25:36.398 | INFO     | __main__:main:759 -   CC IC≥2: dcGO 0.239 vs naive 0.153 [✓ above floor]  (n=405)
