2026-07-09 22:00:05.152 | INFO     | __main__:main:604 - Loading GO ontology (for propagation + aspects)...
2026-07-09 22:00:05.152 | INFO     | src.ontology_processor:__init__:88 - Loading GO ontology from data/raw/go_ontology/go-basic.obo
2026-07-09 22:00:11.074 | INFO     | src.ontology_processor:_prepare_graph:110 - Preparing GO graph for processing
2026-07-09 22:00:12.826 | INFO     | src.ontology_processor:_prepare_graph:143 - GO graph ready: 38245 terms, 71895 relationships
2026-07-09 22:00:12.841 | INFO     | src.ontology_processor:_compute_graph_metrics:156 - GO term distribution by namespace:
2026-07-09 22:00:12.842 | INFO     | src.ontology_processor:_compute_graph_metrics:158 -   biological_process: 24129 terms
2026-07-09 22:00:12.842 | INFO     | src.ontology_processor:_compute_graph_metrics:158 -   molecular_function: 10041 terms
2026-07-09 22:00:12.842 | INFO     | src.ontology_processor:_compute_graph_metrics:158 -   cellular_component: 4075 terms
2026-07-09 22:00:12.951 | INFO     | src.ontology_processor:_compute_graph_metrics:176 - Graph depth statistics: max=11, avg=4.8
2026-07-09 22:00:12.973 | INFO     | __main__:main:609 - Parsing t0 (training) GOA — all non-IEA evidence (for IC + naive)...
2026-07-09 22:00:12.973 | INFO     | src.goa_parser:__init__:113 - GOAParser initialized:
2026-07-09 22:00:12.973 | INFO     | src.goa_parser:__init__:115 -   Evidence codes: ['EXP', 'IBA', 'IBD', 'IC', 'IDA', 'IEP', 'IGC', 'IGI', 'IKR', 'IMP', 'IPI', 'IRD', 'ISA', 'ISM', 'ISO', 'ISS', 'NAS', 'ND', 'RCA', 'TAS']
2026-07-09 22:00:12.973 | INFO     | src.goa_parser:__init__:118 -   Aspects: ['C', 'F', 'P']
2026-07-09 22:00:12.973 | INFO     | src.goa_parser:__init__:119 -   Exclude qualifiers: True
2026-07-09 22:00:12.973 | INFO     | src.goa_parser:parse_gaf_file:131 - Parsing GAF file: data/raw/goa_archive/goa_human.gaf.205.gz
2026-07-09 22:00:16.530 | INFO     | src.goa_parser:parse_gaf_file:206 - GAF parsing complete:
2026-07-09 22:00:16.530 | INFO     | src.goa_parser:parse_gaf_file:207 -   Total lines: 618,369
2026-07-09 22:00:16.530 | INFO     | src.goa_parser:parse_gaf_file:208 -   Accepted annotations: 533,251
2026-07-09 22:00:16.530 | INFO     | src.goa_parser:parse_gaf_file:211 -   Unique proteins: 18,735
2026-07-09 22:00:16.530 | INFO     | src.goa_parser:parse_gaf_file:212 -   Filtered by evidence: 83,804
2026-07-09 22:00:16.530 | INFO     | src.goa_parser:parse_gaf_file:213 -   Filtered by aspect: 0
2026-07-09 22:00:16.530 | INFO     | src.goa_parser:parse_gaf_file:214 -   Excluded qualifiers: 1,301
2026-07-09 22:00:16.530 | INFO     | src.goa_parser:parse_gaf_file:223 -   Evidence code distribution:
2026-07-09 22:00:16.530 | INFO     | src.goa_parser:parse_gaf_file:227 -     IPI: 210,155
2026-07-09 22:00:16.530 | INFO     | src.goa_parser:parse_gaf_file:227 -     TAS: 108,983
2026-07-09 22:00:16.530 | INFO     | src.goa_parser:parse_gaf_file:227 -     IDA: 83,442
2026-07-09 22:00:16.530 | INFO     | src.goa_parser:parse_gaf_file:227 -     IBA: 63,362
2026-07-09 22:00:16.530 | INFO     | src.goa_parser:parse_gaf_file:227 -     ISS: 27,522
2026-07-09 22:00:16.530 | INFO     | src.goa_parser:parse_gaf_file:227 -     IMP: 24,107
2026-07-09 22:00:16.530 | INFO     | src.goa_parser:parse_gaf_file:227 -     NAS: 7,240
2026-07-09 22:00:16.530 | INFO     | src.goa_parser:parse_gaf_file:227 -     IGI: 1,989
2026-07-09 22:00:16.530 | INFO     | src.goa_parser:parse_gaf_file:227 -     ND: 1,736
2026-07-09 22:00:16.530 | INFO     | src.goa_parser:parse_gaf_file:227 -     ISA: 1,450
2026-07-09 22:00:16.616 | INFO     | __main__:main:612 - Parsing t0 GOA — experimental evidence only (no-knowledge gate)...
2026-07-09 22:00:16.616 | INFO     | src.goa_parser:__init__:113 - GOAParser initialized:
2026-07-09 22:00:16.617 | INFO     | src.goa_parser:__init__:115 -   Evidence codes: ['EXP', 'IDA', 'IEP', 'IGI', 'IMP', 'IPI']
2026-07-09 22:00:16.617 | INFO     | src.goa_parser:__init__:118 -   Aspects: ['C', 'F', 'P']
2026-07-09 22:00:16.617 | INFO     | src.goa_parser:__init__:119 -   Exclude qualifiers: True
2026-07-09 22:00:16.617 | INFO     | src.goa_parser:parse_gaf_file:131 - Parsing GAF file: data/raw/goa_archive/goa_human.gaf.205.gz
2026-07-09 22:00:19.227 | INFO     | src.goa_parser:parse_gaf_file:206 - GAF parsing complete:
2026-07-09 22:00:19.227 | INFO     | src.goa_parser:parse_gaf_file:207 -   Total lines: 618,369
2026-07-09 22:00:19.227 | INFO     | src.goa_parser:parse_gaf_file:208 -   Accepted annotations: 321,068
2026-07-09 22:00:19.227 | INFO     | src.goa_parser:parse_gaf_file:211 -   Unique proteins: 15,443
2026-07-09 22:00:19.227 | INFO     | src.goa_parser:parse_gaf_file:212 -   Filtered by evidence: 295,987
2026-07-09 22:00:19.227 | INFO     | src.goa_parser:parse_gaf_file:213 -   Filtered by aspect: 0
2026-07-09 22:00:19.227 | INFO     | src.goa_parser:parse_gaf_file:214 -   Excluded qualifiers: 1,301
2026-07-09 22:00:19.227 | INFO     | src.goa_parser:parse_gaf_file:223 -   Evidence code distribution:
2026-07-09 22:00:19.227 | INFO     | src.goa_parser:parse_gaf_file:227 -     IPI: 210,155
2026-07-09 22:00:19.227 | INFO     | src.goa_parser:parse_gaf_file:227 -     IDA: 83,442
2026-07-09 22:00:19.227 | INFO     | src.goa_parser:parse_gaf_file:227 -     IMP: 24,107
2026-07-09 22:00:19.227 | INFO     | src.goa_parser:parse_gaf_file:227 -     IGI: 1,989
2026-07-09 22:00:19.227 | INFO     | src.goa_parser:parse_gaf_file:227 -     IEP: 929
2026-07-09 22:00:19.227 | INFO     | src.goa_parser:parse_gaf_file:227 -     EXP: 446
2026-07-09 22:00:19.228 | INFO     | __main__:main:618 - Parsing t1 (test) GOA — experimental evidence only...
2026-07-09 22:00:19.228 | INFO     | src.goa_parser:__init__:113 - GOAParser initialized:
2026-07-09 22:00:19.228 | INFO     | src.goa_parser:__init__:115 -   Evidence codes: ['EXP', 'IDA', 'IEP', 'IGI', 'IMP', 'IPI']
2026-07-09 22:00:19.228 | INFO     | src.goa_parser:__init__:118 -   Aspects: ['C', 'F', 'P']
2026-07-09 22:00:19.228 | INFO     | src.goa_parser:__init__:119 -   Exclude qualifiers: True
2026-07-09 22:00:19.228 | INFO     | src.goa_parser:parse_gaf_file:131 - Parsing GAF file: data/raw/goa_annotations/goa_human.gaf.gz
2026-07-09 22:00:22.511 | INFO     | src.goa_parser:parse_gaf_file:206 - GAF parsing complete:
2026-07-09 22:00:22.511 | INFO     | src.goa_parser:parse_gaf_file:207 -   Total lines: 826,062
2026-07-09 22:00:22.511 | INFO     | src.goa_parser:parse_gaf_file:208 -   Accepted annotations: 414,996
2026-07-09 22:00:22.511 | INFO     | src.goa_parser:parse_gaf_file:211 -   Unique proteins: 16,362
2026-07-09 22:00:22.511 | INFO     | src.goa_parser:parse_gaf_file:212 -   Filtered by evidence: 409,768
2026-07-09 22:00:22.511 | INFO     | src.goa_parser:parse_gaf_file:213 -   Filtered by aspect: 0
2026-07-09 22:00:22.511 | INFO     | src.goa_parser:parse_gaf_file:214 -   Excluded qualifiers: 1,288
2026-07-09 22:00:22.512 | INFO     | src.goa_parser:parse_gaf_file:223 -   Evidence code distribution:
2026-07-09 22:00:22.512 | INFO     | src.goa_parser:parse_gaf_file:227 -     IPI: 265,090
2026-07-09 22:00:22.512 | INFO     | src.goa_parser:parse_gaf_file:227 -     IDA: 105,696
2026-07-09 22:00:22.512 | INFO     | src.goa_parser:parse_gaf_file:227 -     IMP: 26,030
2026-07-09 22:00:22.512 | INFO     | src.goa_parser:parse_gaf_file:227 -     EXP: 15,315
2026-07-09 22:00:22.512 | INFO     | src.goa_parser:parse_gaf_file:227 -     IGI: 1,944
2026-07-09 22:00:22.512 | INFO     | src.goa_parser:parse_gaf_file:227 -     IEP: 921
2026-07-09 22:00:22.513 | INFO     | __main__:main:622 - Parsing domain architectures...
2026-07-09 22:00:22.513 | INFO     | src.domain_annotation_parser:__init__:89 - DomainAnnotationParser initialized:
2026-07-09 22:00:22.513 | INFO     | src.domain_annotation_parser:__init__:90 -   Max supra-domain length: 3
2026-07-09 22:00:22.513 | INFO     | src.domain_annotation_parser:__init__:91 -   Min domain length: 10
2026-07-09 22:00:22.513 | INFO     | src.domain_annotation_parser:parse_protein2ipr_file:112 - Parsing domain annotations from data/interim/protein2ipr_human.dat.gz
2026-07-09 22:00:23.763 | INFO     | src.domain_annotation_parser:parse_protein2ipr_file:202 - Parsing complete:
2026-07-09 22:00:23.763 | INFO     | src.domain_annotation_parser:parse_protein2ipr_file:203 -   Total proteins: 18,908
2026-07-09 22:00:23.763 | INFO     | src.domain_annotation_parser:parse_protein2ipr_file:204 -   Total annotations: 234,702
2026-07-09 22:00:23.763 | INFO     | src.domain_annotation_parser:parse_protein2ipr_file:205 -   Unique domains: 19,449
2026-07-09 22:00:23.763 | INFO     | src.domain_annotation_parser:_generate_domain_architectures:219 - Generating domain architectures with supra-domains...
2026-07-09 22:00:24.028 | INFO     | src.domain_annotation_parser:_generate_domain_architectures:247 - Generated 18,908 domain architectures
2026-07-09 22:00:24.028 | INFO     | src.domain_annotation_parser:_generate_domain_architectures:248 -   Total supra-domains: 413,251
2026-07-09 22:00:24.082 | INFO     | __main__:main:633 - Building no-knowledge benchmark (per aspect, full t1-exp truth)...
2026-07-09 22:00:24.992 | INFO     | __main__:main:643 -   BP: 1,537 no-knowledge benchmark proteins
2026-07-09 22:00:24.992 | INFO     | __main__:main:643 -   MF: 1,124 no-knowledge benchmark proteins
2026-07-09 22:00:24.992 | INFO     | __main__:main:643 -   CC: 2,305 no-knowledge benchmark proteins
2026-07-09 22:00:24.992 | INFO     | __main__:main:651 - Loading t0 domain->GO associations (p_value)...
2026-07-09 22:00:25.403 | INFO     | __main__:main:656 - Computing information content from t0 (propagated frequencies)...
2026-07-09 22:00:26.678 | INFO     | __main__:main:667 - Transferring dcGO predictions to benchmark proteins (pscore)...
2026-07-09 22:00:35.570 | INFO     | __main__:main:683 - Scoring at IC floors (bits): [0.0, 2.0]
2026-07-09 22:01:22.463 | INFO     | __main__:main:703 -   [BP IC≥0] dcGO           F_max=0.365 S_min=95.304 AUPRC=0.236 (n=1537)
2026-07-09 22:04:48.555 | INFO     | __main__:main:703 -   [BP IC≥0] naive          F_max=0.289 S_min=101.313 AUPRC=0.173 (n=1537)
2026-07-09 22:04:54.381 | INFO     | __main__:main:703 -   [BP IC≥0] random_domain  F_max=0.203 S_min=104.694 AUPRC=0.088 (n=1537)
2026-07-09 22:04:57.337 | INFO     | __main__:main:703 -   [BP IC≥2] dcGO           F_max=0.264 S_min=89.721 AUPRC=0.144 (n=1537)
2026-07-09 22:08:15.335 | INFO     | __main__:main:703 -   [BP IC≥2] naive          F_max=0.131 S_min=96.463 AUPRC=0.050 (n=1537)
2026-07-09 22:08:20.684 | INFO     | __main__:main:703 -   [BP IC≥2] random_domain  F_max=0.061 S_min=97.425 AUPRC=0.011 (n=1537)
2026-07-09 22:08:58.196 | INFO     | __main__:main:703 -   [MF IC≥0] dcGO           F_max=0.446 S_min=19.256 AUPRC=0.260 (n=1124)
2026-07-09 22:09:34.359 | INFO     | __main__:main:703 -   [MF IC≥0] naive          F_max=0.579 S_min=24.242 AUPRC=0.214 (n=1124)
2026-07-09 22:09:35.908 | INFO     | __main__:main:703 -   [MF IC≥0] random_domain  F_max=0.237 S_min=25.104 AUPRC=0.094 (n=1124)
2026-07-09 22:09:36.419 | INFO     | __main__:main:703 -   [MF IC≥2] dcGO           F_max=0.532 S_min=29.618 AUPRC=0.359 (n=608)
2026-07-09 22:09:58.533 | INFO     | __main__:main:703 -   [MF IC≥2] naive          F_max=0.082 S_min=44.663 AUPRC=0.028 (n=608)
2026-07-09 22:09:59.520 | INFO     | __main__:main:703 -   [MF IC≥2] random_domain  F_max=0.073 S_min=44.468 AUPRC=0.014 (n=608)
2026-07-09 22:10:34.458 | INFO     | __main__:main:703 -   [CC IC≥0] dcGO           F_max=0.458 S_min=21.319 AUPRC=0.338 (n=2305)
2026-07-09 22:10:58.487 | INFO     | __main__:main:703 -   [CC IC≥0] naive          F_max=0.520 S_min=21.076 AUPRC=0.342 (n=2305)
2026-07-09 22:11:00.510 | INFO     | __main__:main:703 -   [CC IC≥0] random_domain  F_max=0.338 S_min=23.425 AUPRC=0.242 (n=2305)
2026-07-09 22:11:01.315 | INFO     | __main__:main:703 -   [CC IC≥2] dcGO           F_max=0.291 S_min=23.847 AUPRC=0.143 (n=1660)
2026-07-09 22:11:19.187 | INFO     | __main__:main:703 -   [CC IC≥2] naive          F_max=0.208 S_min=25.423 AUPRC=0.102 (n=1660)
2026-07-09 22:11:20.389 | INFO     | __main__:main:703 -   [CC IC≥2] random_domain  F_max=0.095 S_min=25.948 AUPRC=0.024 (n=1660)
2026-07-09 22:11:20.393 | INFO     | __main__:main:724 - ✓ Saved metrics: validation/bench_B/temporal_benchmark_metrics.tsv
2026-07-09 22:11:20.394 | INFO     | __main__:main:728 - ======================================================================
2026-07-09 22:11:20.394 | INFO     | __main__:main:729 - TEMPORAL BENCHMARK COMPLETE — dcGO vs naive F_max by IC floor:
2026-07-09 22:11:20.395 | INFO     | __main__:main:739 -   BP IC≥0: dcGO 0.365 vs naive 0.289 [✓ above floor]  (n=1537)
2026-07-09 22:11:20.396 | INFO     | __main__:main:739 -   BP IC≥2: dcGO 0.264 vs naive 0.131 [✓ above floor]  (n=1537)
2026-07-09 22:11:20.397 | INFO     | __main__:main:739 -   MF IC≥0: dcGO 0.446 vs naive 0.579 [✗ below floor]  (n=1124)
2026-07-09 22:11:20.398 | INFO     | __main__:main:739 -   MF IC≥2: dcGO 0.532 vs naive 0.082 [✓ above floor]  (n=608)
2026-07-09 22:11:20.399 | INFO     | __main__:main:739 -   CC IC≥0: dcGO 0.458 vs naive 0.520 [✗ below floor]  (n=2305)
2026-07-09 22:11:20.400 | INFO     | __main__:main:739 -   CC IC≥2: dcGO 0.291 vs naive 0.208 [✓ above floor]  (n=1660)
